// Jest Snapshot v1, https://goo.gl/fbAQLP

exports[`<Form /> it renders the <Form /> with populated data 1`] = `
<div
  class="form__Container-sc-7952rh-0 jpXOjl"
>
  <h1
    class="form__Title-sc-7952rh-3 fSOOxz"
  >
    Sign In Now
  </h1>
  <form
    class="form__Base-sc-7952rh-2 ihDthY"
  >
    <input
      class="form__Input-sc-7952rh-7 hvLLDT"
      placeholder="Email address"
    />
    <input
      class="form__Input-sc-7952rh-7 hvLLDT"
      placeholder="Password"
      type="password"
    />
    <button
      class="form__Submit-sc-7952rh-8 ktOtJO"
      disabled=""
      type="submit"
    >
      Sign In
    </button>
  </form>
  <p
    class="form__Text-sc-7952rh-4 iPPBjq"
  >
    New to Netflix?
  </p>
  <p
    class="form__TextSmall-sc-7952rh-5 lcMeva"
  >
    This page is protected by Google reCAPTCHA to ensure you're not a bot. Learn more.
  </p>
</div>
`;

exports[`<Form /> renders the <Form /> with an error 1`] = `
<div
  class="form__Container-sc-7952rh-0 jpXOjl"
>
  <div
    class="form__Error-sc-7952rh-1 jQGvWO"
  >
    Your email address is aleady being used
  </div>
  <button
    class="form__Submit-sc-7952rh-8 ktOtJO"
    type="submit"
  >
    Sign In
  </button>
</div>
`;
